<?xml version="1.0" encoding="UTF-8"?>
<testsuites name="jest tests" tests="2" failures="0" time="2.676">
  <testsuite name="Card" errors="0" failures="0" skipped="0" timestamp="2019-03-23T07:32:07" time="1.759" tests="2">
    <testcase classname="Card is a Vue component" name="Card is a Vue component" time="0.022">
    </testcase>
    <testcase classname="Card renders header correctly" name="Card renders header correctly" time="0.014">
    </testcase>
  </testsuite>
</testsuites>